

<div class="event">
  <span class="dot created"></span>
  <div class="body">
    <div class="main">created</div>
    
    <div class="when">2026-08-06T10:00:00Z · Admin</div>
  </div>
</div>

<div class="event">
  <span class="dot transition"></span>
  <div class="body">
    <div class="main">transition · state · new → in_progress</div>
    
    <div class="when">2026-08-06T10:30:00Z · Admin</div>
  </div>
</div>

