
<form class="card" method="post" action="/tickets/1/comments">
  <h2>Add comment</h2>

  <div class="field">
    <textarea name="body" placeholder="Write a comment…" aria-label="Comment body"></textarea>
  </div>
  <input type="hidden" name="visibility" value="public">

  <div class="field checkbox-field">
    <label for="comment-internal"><input id="comment-internal" type="checkbox" name="internal" value="1"> Internal comment</label>
  </div>

  <button class="btn primary" type="submit">Add comment</button>
</form>
