<div id="ticket-list">
  <div class="queue-shell">
    <table class="queue">
      <thead>
        <tr><th>ID</th><th>Title</th><th>State</th><th>Priority</th><th>Updated</th></tr>
      </thead>
      <tbody>
        <tr>
          <td class="num" data-label="ID"><a href="/tickets/2">TKT-2</a></td>
          <td class="cell-title" data-label="Title"><a href="/tickets/2">Printer jam</a></td>
          <td data-label="State"><span class="badge in_progress">In Progress</span></td>
          <td class="priority high" data-label="Priority"><span class="ticket-priority-value">High</span></td>
          <td class="cell-muted" data-label="Updated"><time datetime="2026-08-06T10:30:00Z">10:30 · 06-08-2026</time></td>
        </tr>
        <tr>
          <td class="num" data-label="ID"><a href="/tickets/1">TKT-1</a></td>
          <td class="cell-title" data-label="Title"><a href="/tickets/1">Login page down</a></td>
          <td data-label="State"><span class="badge new">New</span></td>
          <td class="priority critical" data-label="Priority"><span class="ticket-priority-value">Critical</span></td>
          <td class="cell-muted" data-label="Updated"><time datetime="2026-08-06T10:00:00Z">10:00 · 06-08-2026</time></td>
        </tr>
      </tbody>
    </table>
  </div>
</div>