
<div id="ticket-list">
  <div class="queue-shell">
    <table class="queue">
      <thead>
        <tr><th>ID</th><th>Title</th><th>State</th><th>Priority</th><th>Updated</th></tr>
      </thead>
      <tbody>
        
        <tr>
          <td class="num"><a href="/tickets/2">TKT-2</a></td>
          <td class="cell-title"><a href="/tickets/2">Printer jam</a></td>
          <td><span class="badge in_progress">In Progress</span></td>
          <td class="priority high">High</td>
          <td class="cell-muted"><time datetime="2026-08-06T10:30:00Z">2026-08-06T10:30:00Z</time></td>
        </tr>
        
        <tr>
          <td class="num"><a href="/tickets/1">TKT-1</a></td>
          <td class="cell-title"><a href="/tickets/1">Login page down</a></td>
          <td><span class="badge new">New</span></td>
          <td class="priority critical">Critical</td>
          <td class="cell-muted"><time datetime="2026-08-06T10:00:00Z">2026-08-06T10:00:00Z</time></td>
        </tr>
        
      </tbody>
    </table>
  </div>
  
<div class="pagination">
  <span>Page 1 of 1 · 2 tickets</span>
  <div class="pages">
    <span class="page" aria-disabled="true">← Prev</span>
    <span class="page" aria-disabled="true">Next →</span>
    <span class="htmx-indicator spinner" aria-hidden="true"></span>
  </div>
</div>

</div>
