
<div id="ticket-detail">

  <div class="command-header">
    <div class="detail-head">
      <div class="meta-row">
        <a href="/tickets">← Queue</a>
        <span class="num">TKT-1</span>
      </div>

      <h1 class="command-title">Login page down</h1>

      <div class="meta-row ticket-metadata">
        <span>Created <time datetime="2026-08-06T10:00:00Z">10:00 · 06-08-2026</time></span>
        <span>Updated <time datetime="2026-08-06T10:30:00Z">10:30 · 06-08-2026</time></span>
      </div>
    </div>
  </div>
  <div class="cards">
    <div class="conversation">
      <div class="card">
        <h2>Description</h2>
        <p>The login form 500s on submit</p>
          </div>

	<section class="card resolution-confirmation" aria-labelledby="resolution-confirmation-title">
		<p class="resolution-eyebrow">Resolution confirmation</p>
		<h2 id="resolution-confirmation-title"><svg viewBox="0 0 24 24" width="18" height="18" fill="none" stroke="currentColor" stroke-width="1.8" stroke-linecap="round" stroke-linejoin="round" aria-hidden="true"><circle cx="12" cy="12" r="9"/><path d="m8.5 12.5 2.5 2.5 4.5-5"/></svg>Is your issue solved?</h2>
		<p class="resolution-help">Support marked this ticket as resolved. Confirm the result or return it to the team if you still need help.</p>
		<form class="resolution-actions" method="post" action="/tickets/1/confirmation"
		      hx-post="/tickets/1/confirmation" hx-target="#ticket-detail" hx-swap="outerHTML">
			<button class="btn primary" type="submit" name="decision" value="confirm">Yes, close ticket</button>
			<button class="btn ghost" type="submit" name="decision" value="reject">No, I still need help</button>
		</form>
	</section>


<form class="card" method="post" action="/tickets/1/comments">
  <h2>Add comment</h2>

  <div class="field">
    <textarea name="body" placeholder="Write a comment…" aria-label="Comment body"></textarea>
  </div>
  <input type="hidden" name="visibility" value="public">

  <button class="btn primary" type="submit">Add comment</button>
</form>

          <div class="card">
        <h2>Timeline</h2>

<div id="timeline">




  <div class="timeline-entry timeline-comment">
    <div class="timeline-entry-head">
      <div class="narrative"><strong class="timeline-actor">Ana Torres</strong> added a public comment</div>
      <span class="when"><time datetime="2026-08-06T10:30:00Z">10:30 · 06-08-2026</time></span>
    </div>
    <div class="body">Patched and deployed</div>
  </div>




  <div class="timeline-entry timeline-event">
    <span class="event-icon" aria-hidden="true"></span>
    <div class="body">
      <div class="main"><span class="timeline-action"></span></div>

      <div class="when"><time datetime="2026-08-06T10:30:00Z">10:30 · 06-08-2026</time></div>
    </div>
  </div>





  <div class="timeline-entry timeline-event">
    <span class="event-icon" aria-hidden="true"></span>
    <div class="body">
      <div class="main"><span class="timeline-action"></span></div>

      <div class="when"><time datetime="2026-08-06T10:30:00Z">10:30 · 06-08-2026</time></div>
    </div>
  </div>





  <div class="timeline-entry timeline-event">
    <span class="event-icon" aria-hidden="true"></span>
    <div class="body">
      <div class="main"><span class="timeline-action"></span></div>

      <div class="when"><time datetime="2026-08-06T10:00:00Z">10:00 · 06-08-2026</time></div>
    </div>
  </div>




</div>

      </div>
    </div>
    <div class="evidence">
      <div class="prop-list">
        <div class="prop-section">
          <div class="prop-heading">Properties</div>
          <div class="prop-row">
            <span class="prop-label">Requester</span>
            <span class="prop-value">Beto Ruiz</span>
          </div>
          <div class="prop-row">
            <span class="prop-label">Category</span>
            <span id="ticket-category-value" class="prop-value">Bugs</span>
          </div>
          
        </div>
        <div class="prop-section">
          <div class="prop-heading">Assignment</div>

          <div class="prop-row">
            <span class="prop-label">Assignee</span>

            <span class="prop-value">Ana Torres</span>
            
          </div>

        </div>
        <div class="prop-section">
          <div class="prop-heading">State</div>
          <div class="prop-row">
            <span class="prop-label">Current</span>
            <span class="prop-value"><span class="badge resolved">Resolved</span></span>
          </div>

          <div class="prop-row">
            <span class="prop-label">Move to</span>
            <form class="prop-control transition-control" method="post" action="/tickets/1/transition"
                  hx-post="/tickets/1/transition" hx-target="#ticket-detail" hx-swap="outerHTML">
              <select id="ticket-state" name="to" class="prop-select"
                      aria-label="Move to state" onchange="toggleStateReason(this)">
                <option value="" disabled selected>Select…</option>
                <option value="in_progress" data-needs-reason>In Progress (reason required)</option>
              </select>
              <div id="state-reason-field" class="state-reason-field">
                <label for="state-reason">Reopen reason</label>
                <div class="state-reason-row">
                  <input type="text" id="state-reason" name="reason" class="state-reason"
                         placeholder="Required" required>
                  <button type="submit" id="state-apply" class="btn primary small state-apply">Apply</button>
                </div>
              </div>
            </form>
          </div>


          <dl class="lifecycle-meta">
            <dt>Resolved</dt><dd><time datetime="2026-08-06T10:30:00Z">10:30 · 06-08-2026</time></dd>


          </dl>

        </div>
      </div>
    </div>
  </div>
</div>
<script>





function syncStateReason(select, autoSubmit) {
  const field = document.getElementById('state-reason-field');
  const reason = document.getElementById('state-reason');
  if (!field || !reason) return;
  const opt = select && select.options[select.selectedIndex];
  const needs = opt && opt.hasAttribute('data-needs-reason');
  field.classList.toggle('visible', !!needs);
  reason.required = !!needs;
  if (needs) {
    reason.focus();
  } else if (autoSubmit && opt && opt.value) {
    select.form.requestSubmit();
  }
}
function toggleStateReason(select) { syncStateReason(select, true); }




(function () {
  const select = document.getElementById('ticket-state');
  if (select) syncStateReason(select, false);
})();
</script>
